
> @rozie-ui/data-table-angular@0.5.0 build /Users/serpentblade/work/olc/rozie/packages/ui/data-table/packages/angular
> ng-packagr -p ng-package.json -c tsconfig.lib.json

Building Angular Package

------------------------------------------------------------------------------
Building entry point '@rozie-ui/data-table-angular'
------------------------------------------------------------------------------
- Compiling with Angular sources in Ivy partial compilation mode.
✔ Compiling with Angular sources in Ivy partial compilation mode.
✔ Generating FESM bundles
- Copying assets
✔ Copying assets
- Writing package manifest
WARNING: Found a conflicting export condition for ".". The "types" condition would be overridden by ng-packagr. Please unset it.
WARNING: Found a conflicting export condition for ".". The "default" condition would be overridden by ng-packagr. Please unset it.
ℹ Removing scripts section in package.json as it's considered a potential security vulnerability.
ℹ Removing devDependencies section in package.json.
✔ Writing package manifest
✔ Built @rozie-ui/data-table-angular

------------------------------------------------------------------------------
Built Angular Package
 - from: /Users/serpentblade/work/olc/rozie/packages/ui/data-table/packages/angular
 - to:   /Users/serpentblade/work/olc/rozie/packages/ui/data-table/packages/angular/dist
------------------------------------------------------------------------------

Build at: 2026-09-22T10:59:43.010Z - Time: 1872ms

